// Jest Snapshot v1, https://goo.gl/fbAQLP

exports[`PokemonPicture.vue should match snapshot 1`] = `
<div class="pokemon-container"><img src="https://raw.githubusercontent.com/PokeAPI/sprites/master/sprites/pokemon/other/dream-world/25.svg" class="hidden-pokemon" alt="Pokemon">
  <!--v-if-->
</div>
`;
